\BOOKMARK [0][-]{chapter*.2}{\376\377\000L\000E\000M\000B\000A\000R\000\040\000P\000E\000N\000G\000E\000S\000A\000H\000A\000N}{}% 1
\BOOKMARK [0][-]{chapter*.3}{\376\377\000P\000E\000R\000N\000Y\000A\000T\000A\000A\000N\000\040\000O\000R\000I\000S\000I\000N\000A\000L\000I\000T\000A\000S}{}% 2
\BOOKMARK [0][-]{chapter*.4}{\376\377\000P\000E\000R\000N\000Y\000A\000T\000A\000A\000N\000\040\000P\000E\000N\000G\000G\000U\000N\000A\000A\000N\000\040\000A\000I}{}% 3
\BOOKMARK [0][-]{chapter*.6}{\376\377\000A\000B\000S\000T\000R\000A\000K}{}% 4
\BOOKMARK [0][-]{chapter*.7}{\376\377\000K\000A\000T\000A\000\040\000P\000E\000N\000G\000A\000N\000T\000A\000R}{}% 5
\BOOKMARK [0][-]{section*.8}{\376\377\000D\000A\000F\000T\000A\000R\000\040\000I\000S\000I}{}% 6
\BOOKMARK [0][-]{section*.9}{\376\377\000D\000A\000F\000T\000A\000R\000\040\000G\000A\000M\000B\000A\000R}{}% 7
\BOOKMARK [0][-]{section*.10}{\376\377\000D\000A\000F\000T\000A\000R\000\040\000T\000A\000B\000E\000L}{}% 8
\BOOKMARK [0][-]{section*.10}{\376\377\000D\000A\000F\000T\000A\000R\000\040\000S\000I\000N\000G\000K\000A\000T\000A\000N}{}% 9
\BOOKMARK [0][-]{chapter.1}{\376\377\000P\000E\000N\000D\000A\000H\000U\000L\000U\000A\000N}{}% 10
\BOOKMARK [1][-]{section.1.1}{\376\377\000L\000a\000t\000a\000r\000\040\000B\000e\000l\000a\000k\000a\000n\000g}{chapter.1}% 11
\BOOKMARK [1][-]{section.1.2}{\376\377\000R\000u\000m\000u\000s\000a\000n\000\040\000M\000a\000s\000a\000l\000a\000h}{chapter.1}% 12
\BOOKMARK [1][-]{section.1.3}{\376\377\000T\000u\000j\000u\000a\000n}{chapter.1}% 13
\BOOKMARK [1][-]{section.1.4}{\376\377\000M\000a\000n\000f\000a\000a\000t\000\040\000P\000e\000n\000e\000l\000i\000t\000i\000a\000n}{chapter.1}% 14
\BOOKMARK [1][-]{section.1.5}{\376\377\000R\000u\000a\000n\000g\000\040\000L\000i\000n\000g\000k\000u\000p\000\040\000d\000a\000n\000\040\000B\000a\000t\000a\000s\000a\000n\000\040\000M\000a\000s\000a\000l\000a\000h}{chapter.1}% 15
\BOOKMARK [1][-]{section.1.6}{\376\377\000H\000i\000p\000o\000t\000e\000s\000i\000s}{chapter.1}% 16
\BOOKMARK [1][-]{section.1.7}{\376\377\000M\000e\000t\000o\000d\000o\000l\000o\000g\000i\000\040\000P\000e\000n\000e\000l\000i\000t\000i\000a\000n}{chapter.1}% 17
\BOOKMARK [1][-]{section.1.8}{\376\377\000S\000i\000s\000t\000e\000m\000a\000t\000i\000k\000a\000\040\000P\000e\000n\000u\000l\000i\000s\000a\000n}{chapter.1}% 18
\BOOKMARK [0][-]{chapter.2}{\376\377\000S\000T\000U\000D\000I\000\040\000L\000I\000T\000E\000R\000A\000T\000U\000R}{}% 19
\BOOKMARK [1][-]{section.2.1}{\376\377\000H\000a\000l\000u\000s\000i\000n\000a\000s\000i\000\040\000p\000a\000d\000a\000\040\000L\000a\000r\000g\000e\000\040\000L\000a\000n\000g\000u\000a\000g\000e\000\040\000M\000o\000d\000e\000l}{chapter.2}% 20
\BOOKMARK [2][-]{subsection.2.1.1}{\376\377\000D\000e\000f\000i\000n\000i\000s\000i\000\040\000d\000a\000n\000\040\000T\000a\000k\000s\000o\000n\000o\000m\000i\000\040\000H\000a\000l\000u\000s\000i\000n\000a\000s\000i}{section.2.1}% 21
\BOOKMARK [2][-]{subsection.2.1.2}{\376\377\000A\000k\000a\000r\000\040\000P\000e\000n\000y\000e\000b\000a\000b\000\040\000H\000a\000l\000u\000s\000i\000n\000a\000s\000i}{section.2.1}% 22
\BOOKMARK [2][-]{subsection.2.1.3}{\376\377\000D\000a\000m\000p\000a\000k\000\040\000H\000a\000l\000u\000s\000i\000n\000a\000s\000i\000\040\000p\000a\000d\000a\000\040\000D\000o\000m\000a\000i\000n\000\040\000P\000e\000m\000r\000o\000g\000r\000a\000m\000a\000n}{section.2.1}% 23
\BOOKMARK [1][-]{section.2.2}{\376\377\000L\000a\000r\000g\000e\000\040\000L\000a\000n\000g\000u\000a\000g\000e\000\040\000M\000o\000d\000e\000l\000:\000\040\000P\000e\000n\000g\000e\000t\000a\000h\000u\000a\000n\000\040\000P\000a\000r\000a\000m\000e\000t\000r\000i\000k\000\040\000d\000a\000n\000\040\000K\000e\000t\000e\000r\000b\000a\000t\000a\000s\000a\000n\000n\000y\000a}{chapter.2}% 24
\BOOKMARK [2][-]{subsection.2.2.1}{\376\377\000S\000i\000f\000a\000t\000\040\000P\000a\000r\000a\000m\000e\000t\000r\000i\000k\000\040\000L\000L\000M\000\040\000d\000a\000n\000\040\000M\000e\000k\000a\000n\000i\000s\000m\000e\000\040\000G\000e\000n\000e\000r\000a\000s\000i}{section.2.2}% 25
\BOOKMARK [2][-]{subsection.2.2.2}{\376\377\000K\000e\000t\000e\000r\000b\000a\000t\000a\000s\000a\000n\000\040\000P\000e\000n\000g\000e\000t\000a\000h\000u\000a\000n\000\040\000P\000a\000r\000a\000m\000e\000t\000r\000i\000k}{section.2.2}% 26
\BOOKMARK [1][-]{section.2.3}{\376\377\000R\000e\000t\000r\000i\000e\000v\000a\000l\000-\000A\000u\000g\000m\000e\000n\000t\000e\000d\000\040\000G\000e\000n\000e\000r\000a\000t\000i\000o\000n\000\040\000\050\000R\000A\000G\000\051}{chapter.2}% 27
\BOOKMARK [2][-]{subsection.2.3.1}{\376\377\000K\000o\000n\000s\000e\000p\000\040\000D\000a\000s\000a\000r\000\040\000d\000a\000n\000\040\000M\000o\000t\000i\000v\000a\000s\000i}{section.2.3}% 28
\BOOKMARK [2][-]{subsection.2.3.2}{\376\377\000K\000o\000m\000p\000o\000n\000e\000n\000\040\000U\000t\000a\000m\000a\000\040\000R\000A\000G}{section.2.3}% 29
\BOOKMARK [3][-]{subsubsection.2.3.2.1}{\376\377\000P\000e\000n\000g\000i\000n\000d\000e\000k\000s\000a\000n\000\040\000B\000a\000s\000i\000s\000\040\000P\000e\000n\000g\000e\000t\000a\000h\000u\000a\000n\000\040\000\050\000I\000n\000d\000e\000x\000i\000n\000g\000\051\000.}{subsection.2.3.2}% 30
\BOOKMARK [3][-]{subsubsection.2.3.2.2}{\376\377\000P\000e\000n\000g\000a\000m\000b\000i\000l\000a\000n\000\040\000I\000n\000f\000o\000r\000m\000a\000s\000i\000\040\000\050\000R\000e\000t\000r\000i\000e\000v\000a\000l\000\051\000.}{subsection.2.3.2}% 31
\BOOKMARK [3][-]{subsubsection.2.3.2.3}{\376\377\000F\000u\000s\000i\000o\000n\000\050\000P\000r\000e\000-\000f\000i\000l\000t\000e\000r\000i\000n\000g\000\040\000\046\000\040\000R\000e\000r\000a\000n\000k\000i\000n\000g\000\051\000.}{subsection.2.3.2}% 32
\BOOKMARK [3][-]{subsubsection.2.3.2.4}{\376\377\000A\000u\000g\000m\000e\000n\000t\000a\000s\000i\000\040\000K\000o\000n\000t\000e\000k\000s\000\040\000d\000a\000n\000\040\000G\000e\000n\000e\000r\000a\000s\000i\000\040\000r\000e\000s\000p\000o\000n\000s\000\040\000\050\000A\000u\000g\000m\000e\000n\000t\000a\000t\000i\000o\000n\000\040\000\046\000\040\000G\000e\000n\000e\000r\000a\000t\000i\000o\000n\000\051\000.}{subsection.2.3.2}% 33
\BOOKMARK [2][-]{subsection.2.3.3}{\376\377\000P\000e\000n\000e\000r\000a\000p\000a\000n\000\040\000R\000A\000G\000\040\000p\000a\000d\000a\000\040\000D\000o\000m\000a\000i\000n\000\040\000P\000e\000m\000r\000o\000g\000r\000a\000m\000a\000n}{section.2.3}% 34
\BOOKMARK [3][-]{subsubsection.2.3.3.1}{\376\377\000P\000e\000n\000i\000n\000g\000k\000a\000t\000a\000n\000\040\000k\000u\000a\000l\000i\000t\000a\000s\000\040\000k\000o\000d\000e\000\040\000\050\000c\000o\000d\000e\000\040\000g\000e\000n\000e\000r\000a\000t\000i\000o\000n\000\040\000d\000a\000n\000\040\000r\000e\000f\000a\000c\000t\000o\000r\000i\000n\000g\000\051\000.}{subsection.2.3.3}% 35
\BOOKMARK [3][-]{subsubsection.2.3.3.2}{\376\377\000D\000e\000t\000e\000k\000s\000i\000\040\000a\000n\000o\000m\000a\000l\000i\000\040\000l\000o\000g\000\040\000s\000i\000s\000t\000e\000m\000\040\000\050\000A\000I\000O\000p\000s\000\051\000.}{subsection.2.3.3}% 36
\BOOKMARK [3][-]{subsubsection.2.3.3.3}{\376\377\000P\000e\000m\000b\000u\000a\000t\000a\000n\000\040\000k\000o\000d\000e\000\040\000S\000Q\000L\000\040\000d\000a\000n\000\040\000i\000n\000t\000e\000g\000r\000a\000s\000i\000\040\000b\000a\000s\000i\000s\000\040\000d\000a\000t\000a\000\040\000d\000o\000m\000a\000i\000n\000-\000s\000p\000e\000s\000i\000f\000i\000k\000.}{subsection.2.3.3}% 37
\BOOKMARK [3][-]{subsubsection.2.3.3.4}{\376\377\000A\000d\000o\000p\000s\000i\000\040\000R\000A\000G\000\040\000p\000a\000d\000a\000\040\000p\000e\000n\000g\000e\000m\000b\000a\000n\000g\000a\000n\000\040\000p\000e\000r\000a\000n\000g\000k\000a\000t\000\040\000l\000u\000n\000a\000k\000\040\000i\000n\000d\000u\000s\000t\000r\000i\000.}{subsection.2.3.3}% 38
\BOOKMARK [2][-]{subsection.2.3.4}{\376\377\000K\000e\000t\000e\000r\000b\000a\000t\000a\000s\000a\000n\000\040\000R\000A\000G\000\040\000K\000o\000n\000v\000e\000n\000s\000i\000o\000n\000a\000l\000\040\000d\000a\000l\000a\000m\000\040\000D\000o\000m\000a\000i\000n\000\040\000P\000e\000m\000r\000o\000g\000r\000a\000m\000a\000n}{section.2.3}% 39
\BOOKMARK [1][-]{section.2.4}{\376\377\000K\000n\000o\000w\000l\000e\000d\000g\000e\000\040\000G\000r\000a\000p\000h}{chapter.2}% 40
\BOOKMARK [2][-]{subsection.2.4.1}{\376\377\000D\000e\000f\000i\000n\000i\000s\000i\000\040\000d\000a\000n\000\040\000R\000e\000p\000r\000e\000s\000e\000n\000t\000a\000s\000i\000\040\000F\000o\000r\000m\000a\000l}{section.2.4}% 41
\BOOKMARK [2][-]{subsection.2.4.2}{\376\377\000K\000o\000n\000s\000t\000r\000u\000k\000s\000i\000\040\000K\000n\000o\000w\000l\000e\000d\000g\000e\000\040\000G\000r\000a\000p\000h\000\040\000d\000a\000r\000i\000\040\000T\000e\000k\000s\000\040\000T\000i\000d\000a\000k\000\040\000T\000e\000r\000s\000t\000r\000u\000k\000t\000u\000r}{section.2.4}% 42
\BOOKMARK [3][-]{subsubsection.2.4.2.1}{\376\377\000T\000a\000h\000a\000p\000\040\0001\000:\000\040\000P\000e\000n\000y\000u\000s\000u\000n\000a\000n\000\040\000O\000n\000t\000o\000l\000o\000g\000i\000\040\000D\000o\000m\000a\000i\000n}{subsection.2.4.2}% 43
\BOOKMARK [3][-]{subsubsection.2.4.2.2}{\376\377\000T\000a\000h\000a\000p\000\040\0002\000:\000\040\000P\000r\000a\000p\000r\000o\000s\000e\000s\000\040\000D\000o\000k\000u\000m\000e\000n}{subsection.2.4.2}% 44
\BOOKMARK [3][-]{subsubsection.2.4.2.3}{\376\377\000T\000a\000h\000a\000p\000\040\0003\000:\000\040\000P\000e\000n\000g\000e\000n\000a\000l\000a\000n\000\040\000E\000n\000t\000i\000t\000a\000s\000\040\000\050\000N\000a\000m\000e\000d\000\040\000E\000n\000t\000i\000t\000y\000\040\000R\000e\000c\000o\000g\000n\000i\000t\000i\000o\000n\000\051}{subsection.2.4.2}% 45
\BOOKMARK [3][-]{subsubsection.2.4.2.4}{\376\377\000P\000e\000r\000a\000n\000\040\000L\000L\000M\000\040\000d\000a\000l\000a\000m\000\040\000K\000o\000n\000s\000t\000r\000u\000k\000s\000i\000\040\000K\000G\000\040\000M\000o\000d\000e\000r\000n}{subsection.2.4.2}% 46
\BOOKMARK [2][-]{subsection.2.4.3}{\376\377\000K\000e\000u\000n\000g\000g\000u\000l\000a\000n\000\040\000R\000e\000p\000r\000e\000s\000e\000n\000t\000a\000s\000i\000\040\000B\000e\000r\000b\000a\000s\000i\000s\000\040\000G\000r\000a\000f\000\040\000d\000a\000n\000\040\000I\000n\000t\000e\000g\000r\000a\000s\000i\000\040\000d\000e\000n\000g\000a\000n\000\040\000L\000L\000M}{section.2.4}% 47
\BOOKMARK [1][-]{section.2.5}{\376\377\000G\000r\000a\000p\000h\000-\000b\000a\000s\000e\000d\000\040\000R\000e\000t\000r\000i\000e\000v\000a\000l\000-\000A\000u\000g\000m\000e\000n\000t\000e\000d\000\040\000G\000e\000n\000e\000r\000a\000t\000i\000o\000n}{chapter.2}% 48
\BOOKMARK [2][-]{subsection.2.5.1}{\376\377\000M\000o\000t\000i\000v\000a\000s\000i\000\040\000d\000a\000n\000\040\000D\000e\000f\000i\000n\000i\000s\000i}{section.2.5}% 49
\BOOKMARK [2][-]{subsection.2.5.2}{\376\377\000A\000r\000s\000i\000t\000e\000k\000t\000u\000r\000\040\000P\000i\000p\000e\000l\000i\000n\000e\000\040\000G\000r\000a\000p\000h\000R\000A\000G}{section.2.5}% 50
\BOOKMARK [3][-]{subsubsection.2.5.2.1}{\376\377\000K\000o\000n\000s\000t\000r\000u\000k\000s\000i\000\040\000K\000n\000o\000w\000l\000e\000d\000g\000e\000\040\000G\000r\000a\000p\000h\000.}{subsection.2.5.2}% 51
\BOOKMARK [3][-]{subsubsection.2.5.2.2}{\376\377\000R\000e\000t\000r\000i\000e\000v\000a\000l\000\040\000d\000a\000n\000\040\000P\000e\000n\000a\000l\000a\000r\000a\000n\000\040\000B\000e\000r\000b\000a\000s\000i\000s\000\040\000G\000r\000a\000f\000.}{subsection.2.5.2}% 52
\BOOKMARK [3][-]{subsubsection.2.5.2.3}{\376\377\000I\000n\000t\000e\000g\000r\000a\000s\000i\000\040\000K\000o\000n\000t\000e\000k\000s\000\040\000B\000e\000r\000b\000a\000s\000i\000s\000\040\000S\000t\000r\000u\000k\000t\000u\000r\000.}{subsection.2.5.2}% 53
\BOOKMARK [3][-]{subsubsection.2.5.2.4}{\376\377\000P\000e\000r\000b\000a\000n\000d\000i\000n\000g\000a\000n\000\040\000K\000u\000a\000n\000t\000i\000t\000a\000t\000i\000f\000:\000\040\000V\000e\000c\000t\000o\000r\000\040\000R\000A\000G\000\040\000d\000a\000n\000\040\000G\000r\000a\000p\000h\000R\000A\000G}{subsection.2.5.2}% 54
\BOOKMARK [2][-]{subsection.2.5.3}{\376\377\000H\000y\000b\000r\000i\000d\000\040\000R\000e\000t\000r\000i\000e\000v\000a\000l\000\040\000p\000a\000d\000a\000\040\000G\000r\000a\000p\000h\000R\000A\000G\000:\000\040\000P\000e\000n\000a\000l\000a\000r\000a\000n\000\040\000S\000i\000m\000b\000o\000l\000i\000k\000\040\000d\000a\000n\000\040\000S\000e\000m\000a\000n\000t\000i\000k}{section.2.5}% 55
\BOOKMARK [3][-]{subsubsection.2.5.3.1}{\376\377\000S\000e\000m\000a\000n\000t\000i\000c\000\040\000R\000e\000t\000r\000i\000e\000v\000a\000l\000:\000\040\000K\000e\000u\000n\000g\000g\000u\000l\000a\000n\000\040\000d\000a\000n\000\040\000K\000e\000t\000e\000r\000b\000a\000t\000a\000s\000a\000n}{subsection.2.5.3}% 56
\BOOKMARK [3][-]{subsubsection.2.5.3.2}{\376\377\000S\000y\000m\000b\000o\000l\000i\000c\000\040\000R\000e\000t\000r\000i\000e\000v\000a\000l\000:\000\040\000K\000e\000u\000n\000g\000g\000u\000l\000a\000n\000\040\000d\000a\000n\000\040\000K\000e\000t\000e\000r\000b\000a\000t\000a\000s\000a\000n}{subsection.2.5.3}% 57
\BOOKMARK [3][-]{subsubsection.2.5.3.3}{\376\377\000M\000u\000l\000t\000i\000-\000h\000o\000p\000\040\000R\000e\000a\000s\000o\000n\000i\000n\000g\000\040\000s\000e\000b\000a\000g\000a\000i\000\040\000J\000u\000s\000t\000i\000f\000i\000k\000a\000s\000i\000\040\000P\000e\000n\000d\000e\000k\000a\000t\000a\000n\000\040\000H\000i\000b\000r\000i\000d}{subsection.2.5.3}% 58
\BOOKMARK [3][-]{subsubsection.2.5.3.4}{\376\377\000T\000r\000a\000d\000e\000-\000o\000f\000f\000\040\000a\000n\000t\000a\000r\000a\000\040\000P\000r\000e\000s\000i\000s\000i\000\040\000R\000e\000t\000r\000i\000e\000v\000a\000l\000\040\000d\000a\000n\000\040\000C\000a\000k\000u\000p\000a\000n\000\040\000K\000o\000n\000t\000e\000k\000s\000t\000u\000a\000l}{subsection.2.5.3}% 59
\BOOKMARK [2][-]{subsection.2.5.4}{\376\377\000H\000a\000s\000i\000l\000\040\000P\000e\000n\000e\000l\000i\000t\000i\000a\000n\000\040\000t\000e\000n\000t\000a\000n\000g\000\040\000E\000f\000e\000k\000t\000i\000v\000i\000t\000a\000s\000\040\000G\000r\000a\000p\000h\000R\000A\000G}{section.2.5}% 60
\BOOKMARK [3][-]{subsubsection.2.5.4.1}{\376\377\000P\000e\000n\000g\000u\000r\000a\000n\000g\000a\000n\000\040\000H\000a\000l\000u\000s\000i\000n\000a\000s\000i\000\040\000m\000e\000l\000a\000l\000u\000i\000\040\000G\000r\000o\000u\000n\000d\000e\000d\000\040\000G\000e\000n\000e\000r\000a\000t\000i\000o\000n}{subsection.2.5.4}% 61
\BOOKMARK [3][-]{subsubsection.2.5.4.2}{\376\377\000K\000e\000m\000a\000m\000p\000u\000a\000n\000\040\000M\000u\000l\000t\000i\000-\000h\000o\000p\000\040\000R\000e\000a\000s\000o\000n\000i\000n\000g\000\040\000p\000a\000d\000a\000\040\000P\000e\000r\000t\000a\000n\000y\000a\000a\000n\000\040\000R\000e\000l\000a\000s\000i\000o\000n\000a\000l}{subsection.2.5.4}% 62
\BOOKMARK [3][-]{subsubsection.2.5.4.3}{\376\377\000K\000n\000o\000w\000l\000e\000d\000g\000e\000\040\000G\000r\000a\000p\000h\000\040\000s\000e\000b\000a\000g\000a\000i\000\040\000S\000u\000m\000b\000e\000r\000\040\000P\000e\000n\000g\000e\000t\000a\000h\000u\000a\000n\000\040\000O\000t\000o\000r\000i\000t\000a\000t\000i\000f}{subsection.2.5.4}% 63
\BOOKMARK [2][-]{subsection.2.5.5}{\376\377\000A\000p\000l\000i\000k\000a\000s\000i\000\040\000G\000r\000a\000p\000h\000R\000A\000G\000\040\000p\000a\000d\000a\000\040\000D\000o\000m\000a\000i\000n\000\040\000P\000e\000m\000r\000o\000g\000r\000a\000m\000a\000n\000\040\000d\000a\000n\000\040\000R\000e\000k\000a\000y\000a\000s\000a\000\040\000P\000e\000r\000a\000n\000g\000k\000a\000t\000\040\000L\000u\000n\000a\000k}{section.2.5}% 64
\BOOKMARK [3][-]{subsubsection.2.5.5.1}{\376\377\000P\000e\000n\000y\000e\000l\000e\000s\000a\000i\000a\000n\000\040\000K\000o\000d\000e\000\040\000B\000e\000r\000b\000a\000s\000i\000s\000\040\000G\000r\000a\000f\000\040\000D\000e\000p\000e\000n\000d\000e\000n\000s\000i}{subsection.2.5.5}% 65
\BOOKMARK [3][-]{subsubsection.2.5.5.2}{\376\377\000G\000e\000n\000e\000r\000a\000s\000i\000\040\000S\000Q\000L\000\040\000d\000a\000n\000\040\000P\000e\000n\000a\000l\000a\000r\000a\000n\000\040\000R\000e\000l\000a\000s\000i\000o\000n\000a\000l}{subsection.2.5.5}% 66
\BOOKMARK [3][-]{subsubsection.2.5.5.3}{\376\377\000A\000n\000a\000l\000i\000s\000i\000s\000\040\000L\000i\000s\000e\000n\000s\000i\000\040\000s\000e\000b\000a\000g\000a\000i\000\040\000R\000e\000p\000r\000e\000s\000e\000n\000t\000a\000s\000i\000\040\000D\000o\000m\000a\000i\000n\000\040\000T\000e\000k\000n\000i\000s}{subsection.2.5.5}% 67
\BOOKMARK [3][-]{subsubsection.2.5.5.4}{\376\377\000I\000m\000p\000l\000i\000k\000a\000s\000i\000\040\000t\000e\000r\000h\000a\000d\000a\000p\000\040\000P\000e\000n\000e\000l\000i\000t\000i\000a\000n\000\040\000B\000e\000r\000b\000a\000s\000i\000s\000\040\000S\000t\000a\000c\000k\000\040\000O\000v\000e\000r\000f\000l\000o\000w}{subsection.2.5.5}% 68
\BOOKMARK [2][-]{subsection.2.5.6}{\376\377\000S\000i\000n\000t\000e\000s\000i\000s\000\040\000d\000a\000n\000\040\000P\000o\000s\000i\000s\000i\000\040\000P\000e\000n\000e\000l\000i\000t\000i\000a\000n}{section.2.5}% 69
\BOOKMARK [1][-]{section.2.6}{\376\377\000S\000t\000a\000c\000k\000\040\000O\000v\000e\000r\000f\000l\000o\000w\000\040\000s\000e\000b\000a\000g\000a\000i\000\040\000B\000a\000s\000i\000s\000\040\000P\000e\000n\000g\000e\000t\000a\000h\000u\000a\000n\000\040\000T\000e\000r\000v\000a\000l\000i\000d\000a\000s\000i\000\040\000S\000o\000s\000i\000a\000l}{chapter.2}% 70
\BOOKMARK [2][-]{subsection.2.6.1}{\376\377\000S\000t\000r\000u\000k\000t\000u\000r\000\040\000d\000a\000n\000\040\000M\000e\000k\000a\000n\000i\000s\000m\000e\000\040\000K\000u\000r\000a\000s\000i\000\040\000K\000o\000m\000u\000n\000i\000t\000a\000s}{section.2.6}% 71
\BOOKMARK [2][-]{subsection.2.6.2}{\376\377\000S\000i\000n\000y\000a\000l\000\040\000K\000e\000p\000e\000r\000c\000a\000y\000a\000a\000n\000\040\000s\000e\000b\000a\000g\000a\000i\000\040\000P\000r\000o\000k\000s\000i\000\040\000K\000u\000a\000l\000i\000t\000a\000s}{section.2.6}% 72
\BOOKMARK [2][-]{subsection.2.6.3}{\376\377\000P\000e\000m\000a\000n\000f\000a\000a\000t\000a\000n\000\040\000K\000o\000n\000t\000e\000n\000\040\000S\000t\000a\000c\000k\000\040\000O\000v\000e\000r\000f\000l\000o\000w\000\040\000d\000a\000l\000a\000m\000\040\000S\000i\000s\000t\000e\000m\000\040\000A\000I}{section.2.6}% 73
\BOOKMARK [1][-]{section.2.7}{\376\377\000G\000r\000o\000u\000n\000d\000e\000d\000\040\000G\000e\000n\000e\000r\000a\000t\000i\000o\000n\000\040\000d\000a\000n\000\040\000F\000a\000i\000t\000h\000f\000u\000l\000n\000e\000s\000s\000\040\000p\000a\000d\000a\000\040\000L\000L\000M}{chapter.2}% 74
\BOOKMARK [2][-]{subsection.2.7.1}{\376\377\000D\000e\000f\000i\000n\000i\000s\000i\000\040\000d\000a\000n\000\040\000M\000o\000t\000i\000v\000a\000s\000i}{section.2.7}% 75
\BOOKMARK [2][-]{subsection.2.7.2}{\376\377\000P\000r\000o\000v\000e\000n\000a\000n\000c\000e\000\040\000s\000e\000b\000a\000g\000a\000i\000\040\000M\000e\000k\000a\000n\000i\000s\000m\000e\000\040\000K\000e\000t\000e\000r\000l\000a\000c\000a\000k\000a\000n}{section.2.7}% 76
\BOOKMARK [2][-]{subsection.2.7.3}{\376\377\000D\000u\000a\000l\000-\000C\000o\000n\000s\000t\000r\000a\000i\000n\000t\000\040\000s\000e\000b\000a\000g\000a\000i\000\040\000M\000e\000k\000a\000n\000i\000s\000m\000e\000\040\000G\000r\000o\000u\000n\000d\000e\000d\000\040\000G\000e\000n\000e\000r\000a\000t\000i\000o\000n}{section.2.7}% 77
\BOOKMARK [1][-]{section.2.8}{\376\377\000E\000v\000a\000l\000u\000a\000s\000i\000\040\000K\000e\000a\000n\000d\000a\000l\000a\000n\000\040\000L\000a\000r\000g\000e\000\040\000L\000a\000n\000g\000u\000a\000g\000e\000\040\000M\000o\000d\000e\000l}{chapter.2}% 78
\BOOKMARK [2][-]{subsection.2.8.1}{\376\377\000T\000a\000n\000t\000a\000n\000g\000a\000n\000\040\000E\000v\000a\000l\000u\000a\000s\000i\000\040\000p\000a\000d\000a\000\040\000S\000i\000s\000t\000e\000m\000\040\000G\000r\000a\000p\000h\000R\000A\000G}{section.2.8}% 79
\BOOKMARK [2][-]{subsection.2.8.2}{\376\377\000D\000i\000m\000e\000n\000s\000i\000\040\000E\000v\000a\000l\000u\000a\000s\000i\000\040\000p\000a\000d\000a\000\040\000S\000i\000s\000t\000e\000m\000\040\000G\000r\000a\000p\000h\000R\000A\000G}{section.2.8}% 80
\BOOKMARK [2][-]{subsection.2.8.3}{\376\377\000K\000e\000r\000a\000n\000g\000k\000a\000\040\000R\000A\000G\000A\000S\000\040\000s\000e\000b\000a\000g\000a\000i\000\040\000P\000r\000o\000t\000o\000k\000o\000l\000\040\000E\000v\000a\000l\000u\000a\000s\000i}{section.2.8}% 81
\BOOKMARK [2][-]{subsection.2.8.4}{\376\377\000P\000a\000r\000a\000d\000i\000g\000m\000a\000\040\000L\000L\000M\000-\000a\000s\000-\000a\000-\000J\000u\000d\000g\000e}{section.2.8}% 82
\BOOKMARK [1][-]{section.2.9}{\376\377\000S\000i\000n\000t\000e\000s\000i\000s\000\040\000P\000e\000n\000e\000l\000i\000t\000i\000a\000n\000\040\000T\000e\000r\000k\000a\000i\000t\000\040\000d\000a\000n\000\040\000R\000e\000s\000e\000a\000r\000c\000h\000\040\000G\000a\000p}{chapter.2}% 83
\BOOKMARK [2][-]{subsection.2.9.1}{\376\377\000A\000n\000a\000l\000i\000s\000i\000s\000\040\000K\000r\000i\000t\000i\000s\000\040\000P\000e\000n\000e\000l\000i\000t\000i\000a\000n\000\040\000T\000e\000r\000k\000a\000i\000t}{section.2.9}% 84
\BOOKMARK [3][-]{subsubsection.2.9.1.1}{\376\377\000K\000l\000u\000s\000t\000e\000r\000\040\0001\000:\000\040\000E\000v\000a\000l\000u\000a\000s\000i\000\040\000K\000o\000m\000p\000a\000r\000a\000t\000i\000f\000\040\000L\000L\000M\000\040\000v\000s\000\040\000K\000o\000m\000u\000n\000i\000t\000a\000s}{subsection.2.9.1}% 85
\BOOKMARK [3][-]{subsubsection.2.9.1.2}{\376\377\000K\000l\000u\000s\000t\000e\000r\000\040\0002\000:\000\040\000L\000L\000M\000\040\000u\000n\000t\000u\000k\000\040\000K\000u\000a\000l\000i\000t\000a\000s\000\040\000K\000o\000d\000e}{subsection.2.9.1}% 86
\BOOKMARK [3][-]{subsubsection.2.9.1.3}{\376\377\000K\000l\000u\000s\000t\000e\000r\000\040\0003\000:\000\040\000R\000A\000G\000\040\000B\000e\000r\000b\000a\000s\000i\000s\000\040\000K\000o\000n\000t\000e\000n\000\040\000S\000t\000a\000c\000k\000\040\000O\000v\000e\000r\000f\000l\000o\000w}{subsection.2.9.1}% 87
\BOOKMARK [3][-]{subsubsection.2.9.1.4}{\376\377\000K\000l\000u\000s\000t\000e\000r\000\040\0004\000:\000\040\000G\000r\000a\000p\000h\000R\000A\000G\000\040\000p\000a\000d\000a\000\040\000D\000o\000m\000a\000i\000n\000\040\000T\000e\000k\000n\000i\000s}{subsection.2.9.1}% 88
\BOOKMARK [2][-]{subsection.2.9.2}{\376\377\000I\000d\000e\000n\000t\000i\000f\000i\000k\000a\000s\000i\000\040\000K\000e\000s\000e\000n\000j\000a\000n\000g\000a\000n}{section.2.9}% 89
\BOOKMARK [2][-]{subsection.2.9.3}{\376\377\000K\000e\000r\000a\000n\000g\000k\000a\000\040\000K\000o\000n\000s\000e\000p\000t\000u\000a\000l\000\040\000P\000e\000n\000e\000l\000i\000t\000i\000a\000n}{section.2.9}% 90
\BOOKMARK [0][-]{chapter.3}{\376\377\000A\000n\000a\000l\000i\000s\000i\000s\000\040\000d\000a\000n\000\040\000D\000e\000s\000a\000i\000n}{}% 91
\BOOKMARK [1][-]{section.3.1}{\376\377\000A\000n\000a\000l\000i\000s\000i\000s\000\040\000K\000o\000n\000d\000i\000s\000i\000\040\000S\000a\000a\000t\000\040\000I\000n\000i}{chapter.3}% 92
\BOOKMARK [2][-]{subsection.3.1.1}{\376\377\000M\000o\000d\000e\000l\000\040\000K\000o\000n\000s\000e\000p\000t\000u\000a\000l\000\040\000S\000i\000s\000t\000e\000m\000\040\000y\000a\000n\000g\000\040\000A\000d\000a}{section.3.1}% 93
\BOOKMARK [2][-]{subsection.3.1.2}{\376\377\000B\000u\000k\000t\000i\000\040\000E\000m\000p\000i\000r\000i\000s\000\040\000K\000e\000t\000e\000r\000b\000a\000t\000a\000s\000a\000n\000\040\000S\000i\000s\000t\000e\000m\000\040\000S\000a\000a\000t\000\040\000I\000n\000i}{section.3.1}% 94
\BOOKMARK [2][-]{subsection.3.1.3}{\376\377\000I\000d\000e\000n\000t\000i\000f\000i\000k\000a\000s\000i\000\040\000M\000a\000s\000a\000l\000a\000h}{section.3.1}% 95
\BOOKMARK [1][-]{section.3.2}{\376\377\000A\000n\000a\000l\000i\000s\000i\000s\000\040\000K\000e\000b\000u\000t\000u\000h\000a\000n}{chapter.3}% 96
\BOOKMARK [2][-]{subsection.3.2.1}{\376\377\000I\000d\000e\000n\000t\000i\000f\000i\000k\000a\000s\000i\000\040\000K\000e\000b\000u\000t\000u\000h\000a\000n\000\040\000P\000e\000n\000g\000g\000u\000n\000a}{section.3.2}% 97
\BOOKMARK [2][-]{subsection.3.2.2}{\376\377\000K\000e\000b\000u\000t\000u\000h\000a\000n\000\040\000F\000u\000n\000g\000s\000i\000o\000n\000a\000l}{section.3.2}% 98
\BOOKMARK [2][-]{subsection.3.2.3}{\376\377\000K\000e\000b\000u\000t\000u\000h\000a\000n\000\040\000N\000o\000n\000f\000u\000n\000g\000s\000i\000o\000n\000a\000l}{section.3.2}% 99
\BOOKMARK [1][-]{section.3.3}{\376\377\000A\000n\000a\000l\000i\000s\000i\000s\000\040\000P\000e\000m\000i\000l\000i\000h\000a\000n\000\040\000S\000o\000l\000u\000s\000i}{chapter.3}% 100
\BOOKMARK [2][-]{subsection.3.3.1}{\376\377\000A\000l\000t\000e\000r\000n\000a\000t\000i\000f\000\040\000S\000o\000l\000u\000s\000i}{section.3.3}% 101
\BOOKMARK [2][-]{subsection.3.3.2}{\376\377\000A\000n\000a\000l\000i\000s\000i\000s\000\040\000P\000e\000n\000e\000n\000t\000u\000a\000n\000\040\000S\000o\000l\000u\000s\000i}{section.3.3}% 102
\BOOKMARK [1][-]{section.3.4}{\376\377\000D\000e\000s\000a\000i\000n\000\040\000K\000o\000n\000s\000e\000p\000t\000u\000a\000l\000\040\000G\000r\000a\000p\000h\000R\000A\000G\000\040\000F\000r\000a\000m\000e\000w\000o\000r\000k}{chapter.3}% 103
\BOOKMARK [2][-]{subsection.3.4.1}{\376\377\000G\000a\000m\000b\000a\000r\000a\000n\000\040\000U\000m\000u\000m\000\040\000A\000r\000s\000i\000t\000e\000k\000t\000u\000r}{section.3.4}% 104
\BOOKMARK [2][-]{subsection.3.4.2}{\376\377\000D\000e\000s\000a\000i\000n\000\040\000K\000n\000o\000w\000l\000e\000d\000g\000e\000\040\000G\000r\000a\000p\000h\000\040\000B\000e\000r\000b\000o\000b\000o\000t\000\040\000d\000a\000r\000i\000\040\000S\000O\000R\000D}{section.3.4}% 105
\BOOKMARK [3][-]{paragraph.3.4.2.0.1}{\376\377\000T\000i\000p\000e\000\040\000S\000i\000m\000p\000u\000l\000.}{subsection.3.4.2}% 106
\BOOKMARK [4][-]{paragraph.3.4.2.0.2}{\376\377\000T\000i\000p\000e\000\040\000S\000i\000s\000i\000\040\000d\000a\000n\000\040\000S\000k\000e\000m\000a\000\040\000B\000o\000b\000o\000t\000\040\000K\000e\000p\000e\000r\000c\000a\000y\000a\000a\000n\000.}{paragraph.3.4.2.0.1}% 107
\BOOKMARK [4][-]{paragraph.3.4.2.0.3}{\376\377\000P\000r\000o\000s\000e\000s\000\040\000K\000o\000n\000s\000t\000r\000u\000k\000s\000i\000\040\000K\000G\000.}{paragraph.3.4.2.0.1}% 108
\BOOKMARK [2][-]{subsection.3.4.3}{\376\377\000D\000e\000s\000a\000i\000n\000\040\000M\000e\000k\000a\000n\000i\000s\000m\000e\000\040\000G\000r\000a\000p\000h\000-\000G\000u\000i\000d\000e\000d\000\040\000R\000e\000t\000r\000i\000e\000v\000a\000l}{section.3.4}% 109
\BOOKMARK [2][-]{subsection.3.4.4}{\376\377\000D\000e\000s\000a\000i\000n\000\040\000E\000v\000a\000l\000u\000a\000s\000i}{section.3.4}% 110
\BOOKMARK [1][-]{section.3.5}{\376\377\000R\000i\000n\000g\000k\000a\000s\000a\000n\000\040\000D\000e\000s\000a\000i\000n}{chapter.3}% 111
