\BOOKMARK [0][-]{chapter*.2}{\376\377\000L\000E\000M\000B\000A\000R\000\040\000P\000E\000N\000G\000E\000S\000A\000H\000A\000N}{}% 1
\BOOKMARK [0][-]{chapter*.3}{\376\377\000P\000E\000R\000N\000Y\000A\000T\000A\000A\000N\000\040\000O\000R\000I\000S\000I\000N\000A\000L\000I\000T\000A\000S}{}% 2
\BOOKMARK [0][-]{chapter*.4}{\376\377\000P\000E\000R\000N\000Y\000A\000T\000A\000A\000N\000\040\000P\000E\000N\000G\000G\000U\000N\000A\000A\000N\000\040\000A\000I}{}% 3
\BOOKMARK [0][-]{chapter*.6}{\376\377\000A\000B\000S\000T\000R\000A\000K}{}% 4
\BOOKMARK [0][-]{chapter*.7}{\376\377\000K\000A\000T\000A\000\040\000P\000E\000N\000G\000A\000N\000T\000A\000R}{}% 5
\BOOKMARK [0][-]{section*.8}{\376\377\000D\000A\000F\000T\000A\000R\000\040\000I\000S\000I}{}% 6
\BOOKMARK [0][-]{section*.9}{\376\377\000D\000A\000F\000T\000A\000R\000\040\000G\000A\000M\000B\000A\000R}{}% 7
\BOOKMARK [0][-]{section*.10}{\376\377\000D\000A\000F\000T\000A\000R\000\040\000T\000A\000B\000E\000L}{}% 8
\BOOKMARK [0][-]{section*.10}{\376\377\000D\000A\000F\000T\000A\000R\000\040\000S\000I\000N\000G\000K\000A\000T\000A\000N}{}% 9
\BOOKMARK [0][-]{chapter.1}{\376\377\000P\000E\000N\000D\000A\000H\000U\000L\000U\000A\000N}{}% 10
\BOOKMARK [1][-]{section.1.1}{\376\377\000L\000a\000t\000a\000r\000\040\000B\000e\000l\000a\000k\000a\000n\000g}{chapter.1}% 11
\BOOKMARK [1][-]{section.1.2}{\376\377\000R\000u\000m\000u\000s\000a\000n\000\040\000M\000a\000s\000a\000l\000a\000h}{chapter.1}% 12
\BOOKMARK [1][-]{section.1.3}{\376\377\000T\000u\000j\000u\000a\000n}{chapter.1}% 13
\BOOKMARK [1][-]{section.1.4}{\376\377\000M\000a\000n\000f\000a\000a\000t\000\040\000P\000e\000n\000e\000l\000i\000t\000i\000a\000n}{chapter.1}% 14
\BOOKMARK [1][-]{section.1.5}{\376\377\000R\000u\000a\000n\000g\000\040\000L\000i\000n\000g\000k\000u\000p\000\040\000d\000a\000n\000\040\000B\000a\000t\000a\000s\000a\000n\000\040\000M\000a\000s\000a\000l\000a\000h}{chapter.1}% 15
\BOOKMARK [1][-]{section.1.6}{\376\377\000H\000i\000p\000o\000t\000e\000s\000i\000s}{chapter.1}% 16
\BOOKMARK [1][-]{section.1.7}{\376\377\000M\000e\000t\000o\000d\000o\000l\000o\000g\000i\000\040\000P\000e\000n\000e\000l\000i\000t\000i\000a\000n}{chapter.1}% 17
\BOOKMARK [1][-]{section.1.8}{\376\377\000S\000i\000s\000t\000e\000m\000a\000t\000i\000k\000a\000\040\000P\000e\000n\000u\000l\000i\000s\000a\000n}{chapter.1}% 18
\BOOKMARK [0][-]{chapter.2}{\376\377\000S\000T\000U\000D\000I\000\040\000L\000I\000T\000E\000R\000A\000T\000U\000R}{}% 19
\BOOKMARK [1][-]{section.2.1}{\376\377\000H\000a\000l\000u\000s\000i\000n\000a\000s\000i\000\040\000p\000a\000d\000a\000\040\000L\000a\000r\000g\000e\000\040\000L\000a\000n\000g\000u\000a\000g\000e\000\040\000M\000o\000d\000e\000l}{chapter.2}% 20
\BOOKMARK [2][-]{subsection.2.1.1}{\376\377\000D\000e\000f\000i\000n\000i\000s\000i\000\040\000d\000a\000n\000\040\000T\000a\000k\000s\000o\000n\000o\000m\000i\000\040\000H\000a\000l\000u\000s\000i\000n\000a\000s\000i}{section.2.1}% 21
\BOOKMARK [2][-]{subsection.2.1.2}{\376\377\000A\000k\000a\000r\000\040\000P\000e\000n\000y\000e\000b\000a\000b\000\040\000H\000a\000l\000u\000s\000i\000n\000a\000s\000i}{section.2.1}% 22
\BOOKMARK [2][-]{subsection.2.1.3}{\376\377\000D\000a\000m\000p\000a\000k\000\040\000H\000a\000l\000u\000s\000i\000n\000a\000s\000i\000\040\000p\000a\000d\000a\000\040\000D\000o\000m\000a\000i\000n\000\040\000P\000e\000m\000r\000o\000g\000r\000a\000m\000a\000n}{section.2.1}% 23
\BOOKMARK [1][-]{section.2.2}{\376\377\000L\000a\000r\000g\000e\000\040\000L\000a\000n\000g\000u\000a\000g\000e\000\040\000M\000o\000d\000e\000l}{chapter.2}% 24
\BOOKMARK [2][-]{subsection.2.2.1}{\376\377\000A\000r\000s\000i\000t\000e\000k\000t\000u\000r\000\040\000T\000r\000a\000n\000s\000f\000o\000r\000m\000e\000r\000\040\000d\000a\000n\000\040\000M\000e\000k\000a\000n\000i\000s\000m\000e\000\040\000G\000e\000n\000e\000r\000a\000s\000i}{section.2.2}% 25
\BOOKMARK [2][-]{subsection.2.2.2}{\376\377\000P\000e\000n\000g\000e\000t\000a\000h\000u\000a\000n\000\040\000P\000a\000r\000a\000m\000e\000t\000r\000i\000k\000\040\000d\000a\000n\000\040\000K\000e\000t\000e\000r\000b\000a\000t\000a\000s\000a\000n\000n\000y\000a}{section.2.2}% 26
\BOOKMARK [1][-]{section.2.3}{\376\377\000R\000e\000t\000r\000i\000e\000v\000a\000l\000-\000A\000u\000g\000m\000e\000n\000t\000e\000d\000\040\000G\000e\000n\000e\000r\000a\000t\000i\000o\000n\000\040\000\050\000R\000A\000G\000\051}{chapter.2}% 27
\BOOKMARK [2][-]{subsection.2.3.1}{\376\377\000K\000o\000n\000s\000e\000p\000\040\000D\000a\000s\000a\000r\000\040\000d\000a\000n\000\040\000M\000o\000t\000i\000v\000a\000s\000i}{section.2.3}% 28
\BOOKMARK [2][-]{subsection.2.3.2}{\376\377\000K\000o\000m\000p\000o\000n\000e\000n\000\040\000U\000t\000a\000m\000a\000\040\000R\000A\000G}{section.2.3}% 29
\BOOKMARK [3][-]{subsubsection.2.3.2.1}{\376\377\000P\000e\000n\000g\000i\000n\000d\000e\000k\000s\000a\000n\000\040\000B\000a\000s\000i\000s\000\040\000P\000e\000n\000g\000e\000t\000a\000h\000u\000a\000n\000\040\000\050\000I\000n\000d\000e\000x\000i\000n\000g\000\051\000.}{subsection.2.3.2}% 30
\BOOKMARK [3][-]{subsubsection.2.3.2.2}{\376\377\000P\000e\000n\000g\000a\000m\000b\000i\000l\000a\000n\000\040\000I\000n\000f\000o\000r\000m\000a\000s\000i\000\040\000\050\000R\000e\000t\000r\000i\000e\000v\000a\000l\000\051\000.}{subsection.2.3.2}% 31
\BOOKMARK [3][-]{subsubsection.2.3.2.3}{\376\377\000F\000u\000s\000i\000o\000n\000\050\000P\000r\000e\000-\000f\000i\000l\000t\000e\000r\000i\000n\000g\000\040\000\046\000\040\000R\000e\000r\000a\000n\000k\000i\000n\000g\000\051\000.}{subsection.2.3.2}% 32
\BOOKMARK [3][-]{subsubsection.2.3.2.4}{\376\377\000A\000u\000g\000m\000e\000n\000t\000a\000s\000i\000\040\000K\000o\000n\000t\000e\000k\000s\000\040\000d\000a\000n\000\040\000G\000e\000n\000e\000r\000a\000s\000i\000\040\000r\000e\000s\000p\000o\000n\000s\000\040\000\050\000A\000u\000g\000m\000e\000n\000t\000a\000t\000i\000o\000n\000\040\000\046\000\040\000G\000e\000n\000e\000r\000a\000t\000i\000o\000n\000\051\000.}{subsection.2.3.2}% 33
\BOOKMARK [2][-]{subsection.2.3.3}{\376\377\000P\000e\000n\000e\000r\000a\000p\000a\000n\000\040\000R\000A\000G\000\040\000p\000a\000d\000a\000\040\000D\000o\000m\000a\000i\000n\000\040\000P\000e\000m\000r\000o\000g\000r\000a\000m\000a\000n}{section.2.3}% 34
\BOOKMARK [3][-]{subsubsection.2.3.3.1}{\376\377\000P\000e\000n\000i\000n\000g\000k\000a\000t\000a\000n\000\040\000k\000u\000a\000l\000i\000t\000a\000s\000\040\000k\000o\000d\000e\000\040\000\050\000c\000o\000d\000e\000\040\000g\000e\000n\000e\000r\000a\000t\000i\000o\000n\000\040\000d\000a\000n\000\040\000r\000e\000f\000a\000c\000t\000o\000r\000i\000n\000g\000\051\000.}{subsection.2.3.3}% 35
\BOOKMARK [3][-]{subsubsection.2.3.3.2}{\376\377\000D\000e\000t\000e\000k\000s\000i\000\040\000a\000n\000o\000m\000a\000l\000i\000\040\000l\000o\000g\000\040\000s\000i\000s\000t\000e\000m\000\040\000\050\000A\000I\000O\000p\000s\000\051\000.}{subsection.2.3.3}% 36
\BOOKMARK [3][-]{subsubsection.2.3.3.3}{\376\377\000P\000e\000m\000b\000u\000a\000t\000a\000n\000\040\000k\000o\000d\000e\000\040\000S\000Q\000L\000\040\000d\000a\000n\000\040\000i\000n\000t\000e\000g\000r\000a\000s\000i\000\040\000b\000a\000s\000i\000s\000\040\000d\000a\000t\000a\000\040\000d\000o\000m\000a\000i\000n\000-\000s\000p\000e\000s\000i\000f\000i\000k\000.}{subsection.2.3.3}% 37
\BOOKMARK [3][-]{subsubsection.2.3.3.4}{\376\377\000A\000d\000o\000p\000s\000i\000\040\000R\000A\000G\000\040\000p\000a\000d\000a\000\040\000p\000e\000n\000g\000e\000m\000b\000a\000n\000g\000a\000n\000\040\000p\000e\000r\000a\000n\000g\000k\000a\000t\000\040\000l\000u\000n\000a\000k\000\040\000i\000n\000d\000u\000s\000t\000r\000i\000.}{subsection.2.3.3}% 38
\BOOKMARK [2][-]{subsection.2.3.4}{\376\377\000K\000e\000t\000e\000r\000b\000a\000t\000a\000s\000a\000n\000\040\000R\000A\000G\000\040\000K\000o\000n\000v\000e\000n\000s\000i\000o\000n\000a\000l\000\040\000d\000a\000l\000a\000m\000\040\000D\000o\000m\000a\000i\000n\000\040\000P\000e\000m\000r\000o\000g\000r\000a\000m\000a\000n}{section.2.3}% 39
\BOOKMARK [1][-]{section.2.4}{\376\377\000K\000n\000o\000w\000l\000e\000d\000g\000e\000\040\000G\000r\000a\000p\000h}{chapter.2}% 40
\BOOKMARK [2][-]{su